2026-08-15 20:31:09,208 - INFO - [TCS_NS] Inserted 1803 rows (duplicates ignored)
2026-08-15 20:31:09,209 - INFO - Inserted 1803 rows for TCS.NS
2026-08-15 20:31:09,600 - INFO - [ITC_NS] Inserted 1804 rows (duplicates ignored)
2026-08-15 20:31:09,600 - INFO - Inserted 1804 rows for ITC.NS
2026-08-15 20:31:09,968 - INFO - [HINDUNILVR_NS] Inserted 1803 rows (duplicates ignored)
2026-08-15 20:31:09,968 - INFO - Inserted 1803 rows for HINDUNILVR.NS
2026-08-15 20:31:10,381 - INFO - [SBIN_NS] Inserted 1805 rows (duplicates ignored)
2026-08-15 20:31:10,381 - INFO - Inserted 1805 rows for SBIN.NS
2026-08-15 20:31:10,788 - INFO - [BHARTIARTL_NS] Inserted 1803 rows (duplicates ignored)
2026-08-15 20:31:10,789 - INFO - Inserted 1803 rows for BHARTIARTL.NS
2026-08-15 20:31:11,291 - INFO - [KOTAKBANK_NS] Inserted 1805 rows (duplicates ignored)
2026-08-15 20:31:11,291 - INFO - Inserted 1805 rows for KOTAKBANK.NS
2026-08-15 20:31:11,841 - INFO - [LT_NS] Inserted 1804 rows (duplicates ignored)
2026-08-15 20:31:11,841 - INFO - Inserted 1804 rows for LT.NS
2026-08-15 20:31:12,279 - INFO - [AXISBANK_NS] Inserted 1805 rows (duplicates ignored)
2026-08-15 20:31:12,280 - INFO - Inserted 1805 rows for AXISBANK.NS
2026-08-15 20:31:13,113 - INFO - [BAJFINANCE_NS] Inserted 1803 rows (duplicates ignored)
2026-08-15 20:31:13,113 - INFO - Inserted 1803 rows for BAJFINANCE.NS
2026-08-15 20:31:13,932 - INFO - [ASIANPAINT_NS] Inserted 1802 rows (duplicates ignored)
2026-08-15 20:31:13,932 - INFO - Inserted 1802 rows for ASIANPAINT.NS
2026-08-15 20:31:14,313 - INFO - [MARUTI_NS] Inserted 1804 rows (duplicates ignored)
2026-08-15 20:31:14,314 - INFO - Inserted 1804 rows for MARUTI.NS
2026-08-15 20:31:14,751 - INFO - [SUNPHARMA_NS] Inserted 1803 rows (duplicates ignored)
2026-08-15 20:31:14,752 - INFO - Inserted 1803 rows for SUNPHARMA.NS
2026-08-15 20:31:15,778 - INFO - [WIPRO_NS] Inserted 1805 rows (duplicates ignored)
2026-08-15 20:31:15,778 - INFO - Inserted 1805 rows for WIPRO.NS
2026-08-15 20:31:16,185 - INFO - [POWERGRID_NS] Inserted 1805 rows (duplicates ignored)
2026-08-15 20:31:16,186 - INFO - Inserted 1805 rows for POWERGRID.NS
2026-08-15 20:31:16,565 - INFO - [NTPC_NS] Inserted 1805 rows (duplicates ignored)
2026-08-15 20:31:16,565 - INFO - Inserted 1805 rows for NTPC.NS
2026-08-15 20:31:16,946 - INFO - [ONGC_NS] Inserted 1805 rows (duplicates ignored)
2026-08-15 20:31:16,947 - INFO - Inserted 1805 rows for ONGC.NS
2026-08-15 20:31:16,955 - INFO - Cycle complete. README updated.
